2026-06-01 22:54:11,982 - INFO - Invalid ID: rhwahrbzjebcacqf
2026-06-01 22:54:11,982 - INFO - Invalid ID: vmfjd
2026-06-01 22:54:11,982 - INFO - Invalid ID: kinvhafp
2026-06-01 22:54:11,983 - INFO - Invalid ID: cgavrwyhzkloov
2026-06-01 22:54:11,983 - INFO - Invalid ID: atxtpokr
2026-06-01 22:54:11,983 - INFO - Invalid ID: bmdepgzpbkmora
2026-06-01 22:54:11,983 - INFO - Invalid ID: klqcbnftwonfeufn
2026-06-01 22:54:11,983 - INFO - Invalid ID: xxvyg
2026-06-01 22:54:11,983 - INFO - Invalid ID: dtcdevjpkmymij
2026-06-01 22:54:11,983 - INFO - Invalid ID: meuhwcevpmtpoz
2026-06-01 22:54:11,983 - INFO - Invalid ID: &*%^$#@DFII
2026-06-01 22:54:11,983 - INFO - Invalid ID: fsdimfn_)))
2026-06-01 22:54:11,983 - INFO - Invalid ID: Short123
2026-06-01 22:54:11,983 - INFO - Invalid ID: Invalid%Char
2026-06-01 22:54:11,983 - INFO - Invalid ID: TooLongOfAnIDString12345
2026-06-01 22:54:11,983 - INFO - Invalid ID: Space
2026-06-01 22:54:11,983 - INFO - Invalid ID: Inside
2026-06-01 22:54:11,983 - INFO - Invalid ID: abc(123)xyz
2026-06-01 22:54:11,983 - INFO - Invalid ID: -Under_Score
2026-06-01 22:54:11,983 - INFO - Invalid ID: *StarPrefix
2026-06-01 22:54:11,983 - INFO - Invalid ID: 456789
2026-06-01 22:54:11,983 - INFO - Invalid ID: #HashTag
2026-06-01 22:56:44,015 - INFO - Invalid ID: rhwahrbzjebcacqf
2026-06-01 22:56:44,015 - INFO - Invalid ID: vmfjd
2026-06-01 22:56:44,015 - INFO - Invalid ID: kinvhafp
2026-06-01 22:56:44,015 - INFO - Invalid ID: cgavrwyhzkloov
2026-06-01 22:56:44,015 - INFO - Invalid ID: atxtpokr
2026-06-01 22:56:44,015 - INFO - Invalid ID: bmdepgzpbkmora
2026-06-01 22:56:44,015 - INFO - Invalid ID: klqcbnftwonfeufn
2026-06-01 22:56:44,015 - INFO - Invalid ID: xxvyg
2026-06-01 22:56:44,015 - INFO - Invalid ID: dtcdevjpkmymij
2026-06-01 22:56:44,015 - INFO - Invalid ID: meuhwcevpmtpoz
2026-06-01 22:56:44,015 - INFO - Invalid ID: &*%^$#@DFII
2026-06-01 22:56:44,015 - INFO - Invalid ID: fsdimfn_)))
2026-06-01 22:56:44,015 - INFO - Invalid ID: Short123
2026-06-01 22:56:44,015 - INFO - Invalid ID: Invalid%Char
2026-06-01 22:56:44,015 - INFO - Invalid ID: TooLongOfAnIDString12345
2026-06-01 22:56:44,015 - INFO - Invalid ID: Space
2026-06-01 22:56:44,015 - INFO - Invalid ID: Inside
2026-06-01 22:56:44,015 - INFO - Invalid ID: abc(123)xyz
2026-06-01 22:56:44,015 - INFO - Invalid ID: -Under_Score
2026-06-01 22:56:44,016 - INFO - Invalid ID: *StarPrefix
2026-06-01 22:56:44,016 - INFO - Invalid ID: 456789
2026-06-01 22:56:44,016 - INFO - Invalid ID: #HashTag
2026-06-01 22:57:26,262 - INFO - Invalid ID: riog
2026-06-01 22:57:27,188 - INFO - Invalid ID: fnje
2026-06-01 22:57:28,032 - INFO - Invalid ID: sdkksd
2026-06-01 22:57:28,897 - INFO - Invalid ID: akka
2026-06-01 22:57:29,610 - INFO - Invalid ID: ee
2026-06-01 22:57:30,139 - INFO - Invalid ID: 2342
2026-06-01 22:57:30,753 - INFO - Invalid ID: 34
2026-06-01 22:57:31,307 - INFO - Invalid ID: f
2026-06-01 22:57:31,574 - INFO - Invalid ID: we
